// Bun Snapshot v1, https://goo.gl/fbAQLP

exports[`matches snapshot of local source 1`] = `
{
  "createNullifier": [Function: AsyncFunction],
  "getAccounts": [Function: AsyncFunction],
  "getBalance": [Function: AsyncFunction],
  "getNetworkId": [Function: AsyncFunction],
  "getTransactionCount": [Function: AsyncFunction],
  "prepareTransactionRequest": [Function: AsyncFunction],
  "signFields": [Function: AsyncFunction],
  "signMessage": [Function: AsyncFunction],
  "signTransaction": [Function: AsyncFunction],
}
`;

exports[`matches snapshot of json-rpc source 1`] = `
{
  "createNullifier": [Function: AsyncFunction],
  "getAccounts": [Function: AsyncFunction],
  "getBalance": [Function: AsyncFunction],
  "getNetworkId": [Function: AsyncFunction],
  "getTransactionCount": [Function: AsyncFunction],
  "prepareTransactionRequest": [Function: AsyncFunction],
  "signFields": [Function: AsyncFunction],
  "signMessage": [Function: AsyncFunction],
  "signTransaction": [Function: AsyncFunction],
}
`;

exports[`matches snapshot of local source 2`] = `
{
  "createNullifier": [Function: AsyncFunction],
  "getAccounts": [Function: AsyncFunction],
  "getBalance": [Function: AsyncFunction],
  "getNetworkId": [Function: AsyncFunction],
  "getTransactionCount": [Function: AsyncFunction],
  "prepareTransactionRequest": [Function: AsyncFunction],
  "signFields": [Function: AsyncFunction],
  "signMessage": [Function: AsyncFunction],
  "signTransaction": [Function: AsyncFunction],
}
`;

exports[`matches snapshot of json-rpc source 2`] = `
{
  "createNullifier": [Function: AsyncFunction],
  "getAccounts": [Function: AsyncFunction],
  "getBalance": [Function: AsyncFunction],
  "getNetworkId": [Function: AsyncFunction],
  "getTransactionCount": [Function: AsyncFunction],
  "prepareTransactionRequest": [Function: AsyncFunction],
  "signFields": [Function: AsyncFunction],
  "signMessage": [Function: AsyncFunction],
  "signTransaction": [Function: AsyncFunction],
}
`;
